2026-03-20T05:09:02.559Z : {"stack":"MongoServerError: E11000 duplicate key error collection: skyway_airlines.my bookings index: bookingId_1 dup key: { bookingId: \"SKY-TEST-12345\" }\n    at InsertOneOperation.handleOk (C:\\Users\\HP\\Desktop\\airlines\\backend\\node_modules\\mongodb\\lib\\operations\\insert.js:51:19)\n    at tryOperation (C:\\Users\\HP\\Desktop\\airlines\\backend\\node_modules\\mongodb\\lib\\operations\\execute_operation.js:217:34)\n    at process.processTicksAndRejections (node:internal/process/task_queues:103:5)\n    at async executeOperation (C:\\Users\\HP\\Desktop\\airlines\\backend\\node_modules\\mongodb\\lib\\operations\\execute_operation.js:80:16)\n    at async Collection.insertOne (C:\\Users\\HP\\Desktop\\airlines\\backend\\node_modules\\mongodb\\lib\\collection.js:154:16)\n    at async model.$__save (C:\\Users\\HP\\Desktop\\airlines\\backend\\node_modules\\mongoose\\lib\\model.js:424:16)\n    at async model.save (C:\\Users\\HP\\Desktop\\airlines\\backend\\node_modules\\mongoose\\lib\\model.js:663:5)\n    at async C:\\Users\\HP\\Desktop\\airlines\\backend\\routes\\bookings.js:84:21","message":"E11000 duplicate key error collection: skyway_airlines.my bookings index: bookingId_1 dup key: { bookingId: \"SKY-TEST-12345\" }","errorLabelSet":{},"errorResponse":{"index":0,"code":11000,"keyPattern":{},"keyValue":{}},"index":0,"code":11000,"keyPattern":{},"keyValue":{}}
Body: {"bookingId":"SKY-TEST-12345","bookingType":"flight","flight":"69bcd66e713c3704e9682f4d","totalPrice":5000,"paymentMethod":"card","seats":[{"id":"1A","seatClass":"economy","extraPrice":0}],"passengers":[{"firstName":"Test","lastName":"User"}]}

2026-03-20T05:09:23.831Z : {"stack":"MongoServerError: E11000 duplicate key error collection: skyway_airlines.my bookings index: bookingId_1 dup key: { bookingId: \"SKY-TEST-12345\" }\n    at InsertOneOperation.handleOk (C:\\Users\\HP\\Desktop\\airlines\\backend\\node_modules\\mongodb\\lib\\operations\\insert.js:51:19)\n    at tryOperation (C:\\Users\\HP\\Desktop\\airlines\\backend\\node_modules\\mongodb\\lib\\operations\\execute_operation.js:217:34)\n    at process.processTicksAndRejections (node:internal/process/task_queues:103:5)\n    at async executeOperation (C:\\Users\\HP\\Desktop\\airlines\\backend\\node_modules\\mongodb\\lib\\operations\\execute_operation.js:80:16)\n    at async Collection.insertOne (C:\\Users\\HP\\Desktop\\airlines\\backend\\node_modules\\mongodb\\lib\\collection.js:154:16)\n    at async model.$__save (C:\\Users\\HP\\Desktop\\airlines\\backend\\node_modules\\mongoose\\lib\\model.js:424:16)\n    at async model.save (C:\\Users\\HP\\Desktop\\airlines\\backend\\node_modules\\mongoose\\lib\\model.js:663:5)\n    at async C:\\Users\\HP\\Desktop\\airlines\\backend\\routes\\bookings.js:84:21","message":"E11000 duplicate key error collection: skyway_airlines.my bookings index: bookingId_1 dup key: { bookingId: \"SKY-TEST-12345\" }","errorLabelSet":{},"errorResponse":{"index":0,"code":11000,"keyPattern":{},"keyValue":{}},"index":0,"code":11000,"keyPattern":{},"keyValue":{}}
Body: {"bookingId":"SKY-TEST-12345","bookingType":"flight","flight":"69bcd66e713c3704e9682f4d","totalPrice":5000,"paymentMethod":"card","seats":[{"id":"1A","seatClass":"economy","extraPrice":0}],"passengers":[{"firstName":"Test","lastName":"User"}]}

2026-03-20T05:09:23.889Z : {"stack":"MongoServerError: E11000 duplicate key error collection: skyway_airlines.my bookings index: bookingId_1 dup key: { bookingId: \"SKY-TEST-12345\" }\n    at InsertOneOperation.handleOk (C:\\Users\\HP\\Desktop\\airlines\\backend\\node_modules\\mongodb\\lib\\operations\\insert.js:51:19)\n    at tryOperation (C:\\Users\\HP\\Desktop\\airlines\\backend\\node_modules\\mongodb\\lib\\operations\\execute_operation.js:217:34)\n    at process.processTicksAndRejections (node:internal/process/task_queues:103:5)\n    at async executeOperation (C:\\Users\\HP\\Desktop\\airlines\\backend\\node_modules\\mongodb\\lib\\operations\\execute_operation.js:80:16)\n    at async Collection.insertOne (C:\\Users\\HP\\Desktop\\airlines\\backend\\node_modules\\mongodb\\lib\\collection.js:154:16)\n    at async model.$__save (C:\\Users\\HP\\Desktop\\airlines\\backend\\node_modules\\mongoose\\lib\\model.js:424:16)\n    at async model.save (C:\\Users\\HP\\Desktop\\airlines\\backend\\node_modules\\mongoose\\lib\\model.js:663:5)\n    at async C:\\Users\\HP\\Desktop\\airlines\\backend\\routes\\bookings.js:84:21","message":"E11000 duplicate key error collection: skyway_airlines.my bookings index: bookingId_1 dup key: { bookingId: \"SKY-TEST-12345\" }","errorLabelSet":{},"errorResponse":{"index":0,"code":11000,"keyPattern":{},"keyValue":{}},"index":0,"code":11000,"keyPattern":{},"keyValue":{}}
Body: {"bookingId":"SKY-TEST-12345","bookingType":"flight","flight":"69bcd66e713c3704e9682f4d","totalPrice":5000,"paymentMethod":"card","seats":[{"id":"1A","seatClass":"economy","extraPrice":0}],"passengers":[{"firstName":"Test","lastName":"User"}]}

2026-03-20T05:35:00.354Z : {"stack":"MongoServerError: E11000 duplicate key error collection: skyway_airlines.my bookings index: bookingId_1 dup key: { bookingId: \"SKY-MMYG88H6-2FG3\" }\n    at InsertOneOperation.handleOk (C:\\Users\\HP\\Desktop\\airlines\\backend\\node_modules\\mongodb\\lib\\operations\\insert.js:51:19)\n    at tryOperation (C:\\Users\\HP\\Desktop\\airlines\\backend\\node_modules\\mongodb\\lib\\operations\\execute_operation.js:217:34)\n    at process.processTicksAndRejections (node:internal/process/task_queues:103:5)\n    at async executeOperation (C:\\Users\\HP\\Desktop\\airlines\\backend\\node_modules\\mongodb\\lib\\operations\\execute_operation.js:80:16)\n    at async Collection.insertOne (C:\\Users\\HP\\Desktop\\airlines\\backend\\node_modules\\mongodb\\lib\\collection.js:154:16)\n    at async model.$__save (C:\\Users\\HP\\Desktop\\airlines\\backend\\node_modules\\mongoose\\lib\\model.js:424:16)\n    at async model.save (C:\\Users\\HP\\Desktop\\airlines\\backend\\node_modules\\mongoose\\lib\\model.js:663:5)\n    at async C:\\Users\\HP\\Desktop\\airlines\\backend\\routes\\bookings.js:84:21","message":"E11000 duplicate key error collection: skyway_airlines.my bookings index: bookingId_1 dup key: { bookingId: \"SKY-MMYG88H6-2FG3\" }","errorLabelSet":{},"errorResponse":{"index":0,"code":11000,"keyPattern":{},"keyValue":{}},"index":0,"code":11000,"keyPattern":{},"keyValue":{}}
Body: {"bookingId":"SKY-MMYG88H6-2FG3","bookingType":"flight","flight":"69bcdbc2ab9ba88ec7583529","passengers":[{"firstName":"Test","lastName":"User","email":"test@example.com","phone":"9876543210","passport":"A1234567","nationality":"Indian","dateOfBirth":"1991-01-01","gender":"male"}],"seats":[{"id":"2A","row":2,"col":"A","seatClass":"first","extraPrice":5000,"isOccupied":false,"_id":"69bcd7e7ab9ba88ec7582e11"}],"totalPrice":9679,"paymentMethod":"card","paymentDetails":"**** **** **** 3456"}

2026-03-20T08:11:06.187Z : {"message":"Booking validation failed: paymentMethod: `netbanking` is not a valid enum value for path `paymentMethod`.","errors":{},"_message":"Booking validation failed"}
Body: {"bookingId":"HTL-MMYMDS7A-Z2SM","bookingType":"hotel","hotel":"69bcc77aceef76ce9b85c1ca","checkIn":"2026-03-21","checkOut":"2026-03-22","nights":1,"guests":1,"passengers":[{"firstName":"Demo","lastName":"User","email":"user@skyway.com"}],"totalPrice":5139,"paymentMethod":"netbanking","paymentDetails":"HDFC - Ends in 7890"}

2026-03-20T08:11:47.278Z : {"message":"Booking validation failed: paymentMethod: `netbanking` is not a valid enum value for path `paymentMethod`.","errors":{},"_message":"Booking validation failed"}
Body: {"bookingId":"HTL-MMYMENX0-OLHZ","bookingType":"hotel","hotel":"69bcc77aceef76ce9b85c1ca","checkIn":"2026-03-21","checkOut":"2026-03-22","nights":1,"guests":1,"passengers":[{"firstName":"Demo","lastName":"User","email":"user@skyway.com"}],"totalPrice":5139,"paymentMethod":"netbanking","paymentDetails":"HDFC - Ends in 7890"}

2026-03-20T08:12:45.440Z : {"message":"Booking validation failed: paymentMethod: `netbanking` is not a valid enum value for path `paymentMethod`.","errors":{},"_message":"Booking validation failed"}
Body: {"bookingId":"HTL-MMYMFWRQ-UGPG","bookingType":"hotel","hotel":"69bcc77aceef76ce9b85c1ca","checkIn":"2026-03-21","checkOut":"2026-03-22","nights":1,"guests":1,"passengers":[{"firstName":"Demo","lastName":"User","email":"user@skyway.com"}],"totalPrice":5139,"paymentMethod":"netbanking","paymentDetails":"HDFC - Ends in 7890"}

